lnet-							-
jobadmind						system-ctl
irqbalance						system-ctl
gpm								system-ctl
display-manager					interactive-X
gdm								interactive-X
kdm								interactive-X
lightdm							interactive-X
slim							interactive-X
wdm								interactive-X
xdm								interactive-X
Xvnc4							interactive-X
openvpn							service-server
rsync							service-server
rsyslogd						system-ctl
nmbd							service-server
smbd							service-server
saned							service-spool
sshd							service-server
xinetd							service-server
acpi							system-sys
anacron							service-server
atd								service-server
bluetooth						system-cmn
colord							service-spool
console							system-ctl
cron							service-server
cups							service-spool
dbus							system-sys
debian-fixup					service-server
debug-shell						system-ctl
emergency						system-ctl
halt-local						system-ctl
initrd-							system-ctl
kmod-static-nodes				system-sys
networking						system-cmn
ifplugd							system-cmn
NetworkManager					system-cmn
ModemManager					system-cmn
polkitd							system-ctl
quotaon							system-ctl
rc-local						system-sys
rescue							system-sys
rsync							service-server
rsyslog							system-ctl
ssh								service-server
sudo							interactive-inter
systemd-ask-password-console	interactive-inter
systemd-ask-password-wall		interactive-inter
systemd-binfmt					service-server
systemd-fsck-root				service-server
systemd-halt					system-ctl
systemd-hibernate				system-ctl
systemd-hostnamed				service-server
systemd-hybrid-sleep			system-ctl
systemd-initctl					system-ctl
systemd-journald				system-ctl
systemd-journal-flush			system-ctl
systemd-kexec					system-ctl
systemd-localed					service-server
systemd-logind					system-ctl
systemd-machined				system-ctl
systemd-modules-load			service-server
systemd-networkd				system-cmn
systemd-networkd-wait-online	system-cmn
systemd-poweroff				system-ctl
systemd-quotacheck				system-ctl
systemd-random-seed				system-ctl
systemd-readahead-collect		system-sys
systemd-readahead-done			system-sys
systemd-readahead-drop			system-sys
systemd-readahead-replay		system-sys
systemd-reboot					system-ctl
systemd-remount-fs				system-ctl
systemd-resolved				system-cmn
systemd-shutdownd				system-ctl
systemd-suspend					system-ctl
systemd-sysctl					system-ctl
systemd-timedated				service-server
systemd-timesyncd				service-server
systemd-tmpfiles				service-server
systemd-udev					system-sys
systemd-update-utmp				system-ctl
systemd-user-sessions			interactive-inter
udev-finish						system-ctl
udisks2							system-ctl
upower							system-ctl
usbmuxd							system-ctl
wpa_supplicant					system-cmn
getty@							system-ctl
ifup@							system-cmn
user@							interactive-inter
